// Vitest Snapshot v1, https://vitest.dev/guide/snapshot.html

exports[`pairUpTeams > derives stable pairings for every season 1`] = `
{
  "cl/gs/2000": [
    "Arsenal & Man United",
    "Barcelona & Real Madrid",
    "Bayern & Leverkusen",
    "Beşiktaş & Galatasaray",
    "Deportivo & Valencia",
    "Dynamo & Shakhtar",
    "Heerenveen & PSV",
    "Juventus & Milan",
    "Lyon & Paris SG",
    "Olympiacos & Panathinaikos",
  ],
  "cl/gs/2001": [
    "Barcelona & Real Madrid",
    "Bayern & Dortmund",
    "Boavista & Porto",
    "Deportivo & Mallorca",
    "Fenerbahçe & Galatasaray",
    "Feyenoord & PSV",
    "Juventus & Roma",
    "Leverkusen & Schalke",
    "Lille & Lyon",
    "Liverpool & Man United",
    "Lokomotiv & Spartak",
    "Olympiacos & Panathinaikos",
  ],
  "cl/gs/2002": [
    "AEK & Olympiacos",
    "Arsenal & Newcastle",
    "Barcelona & Real Madrid",
    "Bayern & Dortmund",
    "Club Brugge & Genk",
    "Deportivo & Valencia",
    "Feyenoord & PSV",
    "Internazionale & Juventus",
    "Lens & Lyon",
    "Liverpool & Man United",
    "Lokomotiv & Spartak",
    "Milan & Roma",
  ],
  "cl/gs/2003": [
    "Ajax & PSV",
    "Anderlecht & Club Brugge",
    "Arsenal & Man United",
    "Bayern & Stuttgart",
    "Beşiktaş & Galatasaray",
    "Celta & Deportivo",
    "Celtic & Rangers",
    "Internazionale & Juventus",
    "Lazio & Milan",
    "Lyon & Marseille",
    "Olympiacos & Panathinaikos",
    "Real Madrid & Real Sociedad",
  ],
  "cl/gs/2004": [
    "Ajax & PSV",
    "Arsenal & Chelsea",
    "Barcelona & Real Madrid",
    "Bayern & Leverkusen",
    "Deportivo & Valencia",
    "Dynamo & Shakhtar",
    "Internazionale & Juventus",
    "Liverpool & Man United",
    "Lyon & Paris SG",
    "Milan & Roma",
    "Olympiacos & Panathinaikos",
  ],
  "cl/gs/2005": [
    "Ajax & PSV",
    "Anderlecht & Club Brugge",
    "Arsenal & Chelsea",
    "Barcelona & Real Madrid",
    "Bayern & Schalke",
    "Benfica & Porto",
    "Betis & Villarreal",
    "Internazionale & Juventus",
    "Lille & Lyon",
    "Liverpool & Man United",
    "Milan & Udinese",
    "Olympiacos & Panathinaikos",
  ],
  "cl/gs/2006": [
    "AEK & Olympiacos",
    "Arsenal & Chelsea",
    "Barcelona & Real Madrid",
    "Bayern & Bremen",
    "Benfica & Porto",
    "CSKA & Spartak",
    "Dynamo & Shakhtar",
    "Internazionale & Milan",
    "Lille & Lyon",
    "Liverpool & Man United",
  ],
  "cl/gs/2007": [
    "Arsenal & Chelsea",
    "Barcelona & Real Madrid",
    "Benfica & Porto",
    "Beşiktaş & Fenerbahçe",
    "Celtic & Rangers",
    "Dynamo & Shakhtar",
    "Internazionale & Milan",
    "Lazio & Roma",
    "Liverpool & Man United",
    "Lyon & Marseille",
    "Schalke & Stuttgart",
    "Sevilla & Valencia",
  ],
  "cl/gs/2008": [
    "Arsenal & Chelsea",
    "Atlético & Villarreal",
    "Barcelona & Real Madrid",
    "Bayern & Bremen",
    "CFR Cluj & Steaua",
    "Dynamo & Shakhtar",
    "Fiorentina & Roma",
    "Internazionale & Juventus",
    "Liverpool & Man United",
    "Lyon & Marseille",
    "Porto & Sporting CP",
  ],
  "cl/gs/2009": [
    "Arsenal & Chelsea",
    "Atlético & Sevilla",
    "Barcelona & Real Madrid",
    "Bayern & Stuttgart",
    "CSKA & Rubin",
    "Fiorentina & Milan",
    "Internazionale & Juventus",
    "Liverpool & Man United",
    "Lyon & Marseille",
  ],
  "cl/gs/2010": [
    "Ajax & Twente",
    "Arsenal & Man United",
    "Barcelona & Real Madrid",
    "Bayern & Schalke",
    "Benfica & Braga",
    "Chelsea & Tottenham",
    "Internazionale & Milan",
    "Lyon & Marseille",
    "Rubin & Spartak",
  ],
  "cl/gs/2011": [
    "Arsenal & Man United",
    "Barcelona & Real Madrid",
    "Bayern & Dortmund",
    "Benfica & Porto",
    "CSKA & Zenit",
    "Chelsea & Man City",
    "Internazionale & Milan",
    "Lyon & Marseille",
    "Valencia & Villarreal",
  ],
  "cl/gs/2012": [
    "Arsenal & Man United",
    "Barcelona & Real Madrid",
    "Bayern & Dortmund",
    "Benfica & Porto",
    "Chelsea & Man City",
    "Dynamo & Shakhtar",
    "Juventus & Milan",
    "Lille & Paris SG",
    "Málaga & Valencia",
    "Spartak & Zenit",
  ],
  "cl/gs/2013": [
    "Arsenal & Man United",
    "Atlético & Real Sociedad",
    "Barcelona & Real Madrid",
    "Bayern & Dortmund",
    "Benfica & Porto",
    "CSKA & Zenit",
    "Chelsea & Man City",
    "Juventus & Milan",
    "Leverkusen & Schalke",
    "Marseille & Paris SG",
  ],
  "cl/gs/2014": [
    "Arsenal & Liverpool",
    "Athletic & Atlético",
    "Barcelona & Real Madrid",
    "Bayern & Dortmund",
    "Benfica & Porto",
    "CSKA & Zenit",
    "Chelsea & Man City",
    "Juventus & Roma",
    "Leverkusen & Schalke",
    "Monaco & Paris SG",
  ],
  "cl/gs/2015": [
    "Arsenal & Man United",
    "Atlético & Sevilla",
    "Barcelona & Real Madrid",
    "Bayern & Leverkusen",
    "Benfica & Porto",
    "CSKA & Zenit",
    "Chelsea & Man City",
    "Dynamo & Shakhtar",
    "Juventus & Roma",
    "Lyon & Paris SG",
    "Mönchengladbach & Wolfsburg",
  ],
  "cl/gs/2016": [
    "Arsenal & Man City",
    "Atlético & Sevilla",
    "Barcelona & Real Madrid",
    "Bayern & Dortmund",
    "Benfica & Porto",
    "CSKA & Rostov",
    "Juventus & Napoli",
    "Leicester & Tottenham",
    "Leverkusen & Mönchengladbach",
    "Lyon & Paris SG",
  ],
  "cl/gs/2017": [
    "Atlético & Sevilla",
    "Barcelona & Real Madrid",
    "Bayern & Dortmund",
    "Benfica & Porto",
    "CSKA & Spartak",
    "Chelsea & Man City",
    "Juventus & Roma",
    "Liverpool & Man United",
    "Monaco & Paris SG",
  ],
  "cl/gs/2018": [
    "Ajax & PSV",
    "Atlético & Valencia",
    "Barcelona & Real Madrid",
    "Bayern & Dortmund",
    "Benfica & Porto",
    "CSKA & Lokomotiv",
    "Hoffenheim & Schalke",
    "Internazionale & Juventus",
    "Liverpool & Man United",
    "Lyon & Paris SG",
    "Man City & Tottenham",
    "Napoli & Roma",
  ],
  "cl/gs/2019": [
    "Atalanta & Napoli",
    "Atlético & Valencia",
    "Barcelona & Real Madrid",
    "Bayern & Dortmund",
    "Chelsea & Tottenham",
    "Club Brugge & Genk",
    "Internazionale & Juventus",
    "Leipzig & Leverkusen",
    "Liverpool & Man City",
    "Lokomotiv & Zenit",
    "Lyon & Paris SG",
  ],
  "cl/gs/2020": [
    "Atalanta & Lazio",
    "Atlético & Sevilla",
    "Barcelona & Real Madrid",
    "Bayern & Dortmund",
    "Chelsea & Man City",
    "Dynamo & Shakhtar",
    "Internazionale & Juventus",
    "Krasnodar & Zenit",
    "Leipzig & Mönchengladbach",
    "Liverpool & Man United",
    "Marseille & Paris SG",
  ],
  "cl/gs/2021": [
    "Atalanta & Milan",
    "Atlético & Sevilla",
    "Barcelona & Real Madrid",
    "Bayern & Dortmund",
    "Benfica & Porto",
    "Chelsea & Man City",
    "Dynamo & Shakhtar",
    "Internazionale & Juventus",
    "Leipzig & Wolfsburg",
    "Lille & Paris SG",
    "Liverpool & Man United",
  ],
  "cl/gs/2022": [
    "Atlético & Sevilla",
    "Barcelona & Real Madrid",
    "Bayern & Dortmund",
    "Benfica & Porto",
    "Celtic & Rangers",
    "Chelsea & Tottenham",
    "Internazionale & Juventus",
    "Leipzig & Leverkusen",
    "Liverpool & Man City",
    "Marseille & Paris SG",
    "Milan & Napoli",
  ],
  "cl/gs/2023": [
    "Arsenal & Man United",
    "Atlético & Sevilla",
    "Barcelona & Real Madrid",
    "Bayern & Dortmund",
    "Benfica & Porto",
    "Feyenoord & PSV",
    "Internazionale & Milan",
    "Lazio & Napoli",
    "Leipzig & Union Berlin",
    "Lens & Paris SG",
    "Man City & Newcastle",
  ],
  "cl/ls/2024": [
    "Arsenal & Liverpool",
    "Aston Villa & Man City",
    "Atalanta & Milan",
    "Atlético & Girona",
    "Barcelona & Real Madrid",
    "Bayern & Dortmund",
    "Benfica & Sporting CP",
    "Brest & Monaco",
    "Feyenoord & PSV",
    "Internazionale & Juventus",
    "Leipzig & Leverkusen",
    "Lille & Paris SG",
    "Salzburg & Sturm",
  ],
  "cl/ls/2025": [
    "Ajax & PSV",
    "Arsenal & Liverpool",
    "Atalanta & Napoli",
    "Atlético & Villarreal",
    "Barcelona & Real Madrid",
    "Bayern & Dortmund",
    "Benfica & Sporting CP",
    "Chelsea & Man City",
    "Club Brugge & Union SG",
    "Frankfurt & Leverkusen",
    "Internazionale & Juventus",
    "Marseille & Paris SG",
    "Newcastle & Tottenham",
  ],
  "cl/ls/2026": [
    "Arsenal & Man City",
    "Atlético & Villarreal",
    "Barcelona & Real Madrid",
    "Bayern & Dortmund",
    "Como & Napoli",
    "Feyenoord & PSV",
    "Internazionale & Roma",
    "Leipzig & Stuttgart",
    "Lens & Lille",
    "Liverpool & Man United",
    "Lyon & Paris SG",
    "Porto & Sporting CP",
  ],
  "ecl/gs/2021": [
    "AZ & Feyenoord",
    "Anorthosis & Omonia",
    "Jablonec & Slavia",
    "København & Randers",
    "M Haifa & M Tel-Aviv",
  ],
  "ecl/gs/2022": [
    "Anderlecht & Gent",
    "Başakşehir & Sivasspor",
    "CFR Cluj & FCSB",
    "Slavia & Slovácko",
  ],
  "ecl/gs/2023": [
    "Beşiktaş & Fenerbahçe",
    "Club Brugge & Gent",
    "Slovan & Spartak Trnava",
  ],
  "ecl/ls/2024": [
    "APOEL & Omonia",
    "Celje & Olimpija",
    "Cercle Brugge & Gent",
    "Jagiellonia & Legia",
    "LASK & Rapid Wien",
    "Lugano & St Gallen",
  ],
  "ecl/ls/2025": [
    "AEK Larnaca & Omonia",
    "Dynamo & Shakhtar",
    "Jagiellonia & Raków",
    "Lech & Legia",
    "Olomouc & Sparta",
    "Shamrock Rovers & Shelbourne",
  ],
  "ecl/ls/2026": [
    "AGF & København",
    "Anderlecht & Gent",
    "FCSB & U Craiova",
    "Jagiellonia & Raków",
    "OFI & Panathinaikos",
  ],
  "el/gs/2009": [
    "AEK & Panathinaikos",
    "Ajax & PSV",
    "Anderlecht & Club Brugge",
    "Austria Wien & Rapid Wien",
    "Benfica & Sporting CP",
    "Bremen & Hamburg",
    "CFR Cluj & Poli Timișoara",
    "CSKA Sofia & Levski",
    "Dinamo București & Steaua",
    "Everton & Fulham",
    "Fenerbahçe & Galatasaray",
    "Heerenveen & Twente",
    "Lazio & Roma",
    "Lille & Toulouse",
    "Salzburg & Sturm",
    "Slavia & Sparta",
    "Valencia & Villarreal",
  ],
  "el/gs/2010": [
    "AEK & PAOK",
    "AZ & PSV",
    "Anderlecht & Club Brugge",
    "Atlético & Sevilla",
    "CSKA & Zenit",
    "CSKA Sofia & Levski",
    "Dinamo Zagreb & Hajduk",
    "Dortmund & Leverkusen",
    "Dynamo & Metalist",
    "Getafe & Villarreal",
    "Juventus & Napoli",
    "Lausanne & Young Boys",
    "Lille & Paris SG",
    "Liverpool & Man City",
    "Palermo & Sampdoria",
    "Porto & Sporting CP",
    "Rapid Wien & Salzburg",
  ],
  "el/gs/2011": [
    "AEK & PAOK",
    "AZ & PSV",
    "Anderlecht & Standard",
    "Athletic & Atlético",
    "Austria Wien & Salzburg",
    "Birmingham & Stoke",
    "Braga & Sporting CP",
    "Dynamo & Metalist",
    "Fulham & Tottenham",
    "H Tel-Aviv & M Haifa",
    "Hannover & Schalke",
    "København & OB",
    "Lazio & Udinese",
    "Legia & Wisła",
    "Lokomotiv & Rubin",
    "Paris SG & Rennes",
    "Rapid București & Steaua",
    "Sion & Zürich",
  ],
  "el/gs/2012": [
    "AIK & Helsingborg",
    "Anji & Rubin",
    "Athletic & Atlético",
    "Basel & Young Boys",
    "Club Brugge & Genk",
    "Dnipro & Metalist",
    "H Kiryat Shmona & H Tel-Aviv",
    "Hannover & Mönchengladbach",
    "Internazionale & Napoli",
    "Lazio & Udinese",
    "Leverkusen & Stuttgart",
    "Liverpool & Tottenham",
    "Lyon & Marseille",
    "Marítimo & Sporting CP",
    "Molde & Rosenborg",
    "PSV & Twente",
    "Plzeň & Sparta",
  ],
  "el/gs/2013": [
    "APOEL & Apollon",
    "AZ & PSV",
    "Anji & Rubin",
    "Bordeaux & Lyon",
    "Dinamo Zagreb & Rijeka",
    "Dnipro & Dynamo",
    "Fiorentina & Lazio",
    "Frankfurt & Freiburg",
    "Genk & Standard",
    "Guimarães & Paços Ferreira",
    "M Haifa & M Tel-Aviv",
    "Rapid Wien & Salzburg",
    "Sevilla & Valencia",
    "St Gallen & Thun",
    "Tottenham & Wigan",
  ],
  "el/gs/2014": [
    "AaB & København",
    "Astra & Steaua",
    "Beşiktaş & Trabzonspor",
    "Club Brugge & Standard",
    "Dinamo Moskva & Krasnodar",
    "Dinamo Zagreb & Rijeka",
    "Dynamo & Metalist",
    "Estoril & Rio Ave",
    "Everton & Tottenham",
    "Feyenoord & PSV",
    "Fiorentina & Torino",
    "Internazionale & Napoli",
    "Lille & St-Étienne",
    "Mönchengladbach & Wolfsburg",
    "PAOK & Panathinaikos",
    "Sevilla & Villarreal",
    "Young Boys & Zürich",
  ],
  "el/gs/2015": [
    "AZ & Ajax",
    "Anderlecht & Club Brugge",
    "Asteras & PAOK",
    "Athletic & Villarreal",
    "Basel & Sion",
    "Beşiktaş & Fenerbahçe",
    "Bordeaux & St-Étienne",
    "Braga & Sporting CP",
    "Dortmund & Schalke",
    "Lazio & Napoli",
    "Lech & Legia",
    "Liverpool & Tottenham",
    "Lokomotiv & Rubin",
    "Marseille & Monaco",
    "Molde & Rosenborg",
    "Plzeň & Sparta",
    "Qarabağ & Qəbələ",
  ],
  "el/gs/2016": [
    "AZ & Ajax",
    "Anderlecht & Genk",
    "Astra & Steaua",
    "Athletic & Villarreal",
    "Fenerbahçe & Konyaspor",
    "Fiorentina & Sassuolo",
    "Gent & Standard",
    "H Beer-Sheva & M Tel-Aviv",
    "Internazionale & Roma",
    "Krasnodar & Zenit",
    "Mainz & Schalke",
    "Man United & Southampton",
    "Nice & St-Étienne",
    "Olympiacos & Panathinaikos",
    "Plzeň & Sparta",
    "Qarabağ & Qəbələ",
    "Rapid Wien & Salzburg",
    "Shakhtar & Zorya",
    "Young Boys & Zürich",
  ],
  "el/gs/2017": [
    "Arsenal & Everton",
    "Austria Wien & Salzburg",
    "Başakşehir & Konyaspor",
    "Braga & Guimarães",
    "Crvena zvezda & Partizan",
    "Dynamo & Zorya",
    "H Beer-Sheva & M Tel-Aviv",
    "Hertha & Hoffenheim",
    "Lazio & Milan",
    "Lokomotiv & Zenit",
    "Lugano & Young Boys",
    "Lyon & Marseille",
    "Plzeň & Slavia",
    "Real Sociedad & Villarreal",
  ],
  "el/gs/2018": [
    "AEK Larnaca & Apollon",
    "Anderlecht & Genk",
    "Arsenal & Chelsea",
    "Beşiktaş & Fenerbahçe",
    "Celtic & Rangers",
    "Dynamo & Vorskla",
    "Jablonec & Slavia",
    "Krasnodar & Zenit",
    "Lazio & Milan",
    "Leipzig & Leverkusen",
    "Marseille & Rennes",
    "Olympiacos & PAOK",
    "Rapid Wien & Salzburg",
    "Rosenborg & Sarpsborg",
    "Sevilla & Villarreal",
  ],
  "el/gs/2019": [
    "Arsenal & Man United",
    "Basel & Young Boys",
    "Beşiktaş & Trabzonspor",
    "Braga & Guimarães",
    "CSKA & Krasnodar",
    "Celtic & Rangers",
    "Dynamo & Olexandria",
    "Espanyol & Sevilla",
    "Feyenoord & PSV",
    "Frankfurt & Mönchengladbach",
    "Gent & Standard",
    "LASK & Wolfsberg",
    "Lazio & Roma",
    "Porto & Sporting CP",
    "Rennes & St-Étienne",
  ],
  "el/gs/2020": [
    "AEK & PAOK",
    "AZ & PSV",
    "Arsenal & Tottenham",
    "Benfica & Braga",
    "CSKA Sofia & Ludogorets",
    "Celtic & Rangers",
    "Dinamo Zagreb & Rijeka",
    "Gent & Standard",
    "H Beer-Sheva & M Tel-Aviv",
    "Hoffenheim & Leverkusen",
    "LASK & Rapid Wien",
    "Lille & Nice",
    "Milan & Roma",
    "Real Sociedad & Villarreal",
    "Slavia & Sparta",
  ],
  "el/gs/2021": [
    "Antwerp & Genk",
    "Betis & Real Sociedad",
    "Brøndby & Midtjylland",
    "Celtic & Rangers",
    "Fenerbahçe & Galatasaray",
    "Frankfurt & Leverkusen",
    "Lazio & Napoli",
    "Leicester & West Ham",
    "Lokomotiv & Spartak",
    "Lyon & Marseille",
    "Rapid Wien & Sturm",
  ],
  "el/gs/2022": [
    "AEK Larnaca & Omonia",
    "Arsenal & Man United",
    "Betis & Real Sociedad",
    "Fenerbahçe & Trabzonspor",
    "Feyenoord & PSV",
    "Freiburg & Union Berlin",
    "Lazio & Roma",
    "Monaco & Rennes",
  ],
  "el/gs/2023": [
    "Atalanta & Roma",
    "Betis & Villarreal",
    "Freiburg & Leverkusen",
    "LASK & Sturm",
    "Liverpool & West Ham",
    "Marseille & Rennes",
    "Olympiacos & Panathinaikos",
    "Slavia & Sparta",
  ],
  "el/ls/2024": [
    "AZ & Ajax",
    "Anderlecht & Union SG",
    "Athletic & Real Sociedad",
    "Braga & Porto",
    "Elfsborg & Malmö",
    "Fenerbahçe & Galatasaray",
    "Frankfurt & Hoffenheim",
    "Lazio & Roma",
    "Lyon & Nice",
    "Man United & Tottenham",
    "Olympiacos & PAOK",
    "Plzeň & Slavia Praha",
  ],
  "el/ls/2025": [
    "Aston Villa & Nottingham",
    "Basel & Young Boys",
    "Betis & Celta",
    "Bologna & Roma",
    "Braga & Porto",
    "Celtic & Rangers",
    "Feyenoord & Utrecht",
    "Freiburg & Stuttgart",
    "Lille & Lyon",
    "PAOK & Panathinaikos",
    "Salzburg & Sturm",
  ],
  "el/ls/2026": [
    "AEK & Olympiacos",
    "AZ & NEC",
    "Benfica & Torreense",
    "Bournemouth & Crystal Palace",
    "Celta & Real Sociedad",
    "Hoffenheim & Leverkusen",
    "Juventus & Milan",
    "Marseille & Rennes",
    "Plzeň & Sparta",
    "Salzburg & Sturm",
  ],
}
`;
